// Jest Snapshot v1, https://goo.gl/fbAQLP

exports[`should render Create Expense Page correctly 1`] = `
<div>
  <h1>
    Create
  </h1>
  <ExpenseForm
    onSubmit={[Function]}
  />
</div>
`;
