// Jest Snapshot v1, https://goo.gl/fbAQLP

exports[`should render Header component correctly 1`] = `
<header>
  <h1>
    Expensify App
  </h1>
  <nav
    className="main-navigation"
  >
    <ul>
      <li>
        <NavLink
          activeClassName="active"
          ariaCurrent="true"
          exact={true}
          to="/"
        >
          Dashboard
        </NavLink>
      </li>
      <li>
        <NavLink
          activeClassName="active"
          ariaCurrent="true"
          exact={true}
          to="/create"
        >
          Create Expense
        </NavLink>
      </li>
      <li>
        <NavLink
          activeClassName="active"
          ariaCurrent="true"
          to="/help"
        >
          Help
        </NavLink>
      </li>
    </ul>
  </nav>
</header>
`;
