// Jest Snapshot v1, https://goo.gl/fbAQLP

exports[`it should render Help page 1`] = `
<div>
  <h1>
    Help Page
  </h1>
</div>
`;
