// Jest Snapshot v1, https://goo.gl/fbAQLP

exports[`it should render the NotFound component 1`] = `
<div>
  <h1>
    NotFound
  </h1>
  <p>
    Sorry but the page you are looking for is not here
  </p>
  <Link
    replace={false}
    to="/"
  >
    Back to Home
  </Link>
</div>
`;
